
> portal-api-cucumber-playwright-suite@1.0.0 test:dev
> npx cucumber-js --tags "@dev"

npm : Cannot use 'progress-bar' formatter for output to 'stdout' as not a TTY. 
Switching to 'progress' formatter.
At line:1 char:106
+ ... cucumber_playwright_suite" ; npm run test:dev > test-results.txt 2>&1
+                                  ~~~~~~~~~~~~~~~~~~~~~~~~~~~~~~~~~~~~~~~~
    + CategoryInfo          : NotSpecified: (Cannot use 'pro...ess' formatter. 
   :String) [], RemoteException
    + FullyQualifiedErrorId : NativeCommandError
 
.AAAA...AAA...AAA...AAA...AAA..

Failures:

1) Scenario: Validate response countries # features\Core\GetCountries.feature:4
   ΓêÜ Before # src\support\hooks\hooks.ts:6
   ├ù When I make a GET request to fetch all countries
       Multiple step definitions match:
         I make a GET request to fetch all countries - src\steps\core.steps.ts:24            
         I make a GET request to fetch all countries - src\tests\Core\getCountries.tests.ts:7
   ├ù Then I expect the response status to be OK with code 200
       Multiple step definitions match:
         I expect the response status to be OK with code {int} - src\steps\validation.steps.ts:16
         I expect the response status to be OK with code {int} - src\tests\shared.tests.ts:28    
   ├ù And The response should match the countries schema
       Multiple step definitions match:
         The response should match the countries schema - src\steps\core.steps.ts:30             
         The response should match the countries schema - src\tests\Core\getCountries.tests.ts:20
   ├ù And I expect the response to contain the following data in "Countries"
       | CountryID | CountryISO | CountryName | CountryMinAge |
       | 1         | AF         | Afghanistan | 0             |
       | 25        | BR         | Brasil      | 0             |
       | 36        | CM         | Cameroon    | 0             |
       | 48        | CO         | Colombia    | 0             |
       | 51        | CG         | Congo       | 0             |
       Multiple step definitions match:
         I expect the response to contain the following data in {string} - src\steps\validation.steps.ts:30
         I expect the response to contain the following data in {string} - src\tests\shared.tests.ts:6     
   ΓêÜ After # src\support\hooks\hooks.ts:11
   ΓêÜ After # src\support\hooks\debugHooks.ts:15

2) Scenario: Validate response currencies # features\Core\GetCurrencies.feature:4
   ΓêÜ Before # src\support\hooks\hooks.ts:6
   ├ù When I make a GET request to fetch all currencies
       Multiple step definitions match:
         I make a GET request to fetch all currencies - src\steps\core.steps.ts:36             
         I make a GET request to fetch all currencies - src\tests\Core\getCurrencies.tests.ts:7
   ├ù Then I expect the response status to be OK with code 200
       Multiple step definitions match:
         I expect the response status to be OK with code {int} - src\steps\validation.steps.ts:16
         I expect the response status to be OK with code {int} - src\tests\shared.tests.ts:28    
   ├ù And I expect the response to have currencies data
       Multiple step definitions match:
         I expect the response to have currencies data - src\steps\core.steps.ts:42              
         I expect the response to have currencies data - src\tests\Core\getCurrencies.tests.ts:20
   ΓêÜ After # src\support\hooks\hooks.ts:11
   ΓêÜ After # src\support\hooks\debugHooks.ts:15

3) Scenario: Validate response languages # features\Core\GetLanguages.feature:4
   ΓêÜ Before # src\support\hooks\hooks.ts:6
   ├ù When I make a GET request to fetch all languages
       Multiple step definitions match:
         I make a GET request to fetch all languages - src\steps\core.steps.ts:53            
         I make a GET request to fetch all languages - src\tests\Core\getLanguages.tests.ts:9
   ├ù Then I expect the response status to be OK with code 200
       Multiple step definitions match:
         I expect the response status to be OK with code {int} - src\steps\validation.steps.ts:16
         I expect the response status to be OK with code {int} - src\tests\shared.tests.ts:28    
   ├ù And I expect the response to contain the following data in "Languages"
       | LanguageID | LanguageISO | LanguageName | LanguageCulture |
       | 12         | EN          | English      | en-EN           |
       | 17         | FR          | French       | fr-FR           |
       | 2          | ES          | Espa├▒ol      | es-ES           |
       | 32         | RS          | Serbian      | sr-RS           |
       | 24         | MK          | Macedonian   | mk-MK           |
       Multiple step definitions match:
         I expect the response to contain the following data in {string} - src\steps\validation.steps.ts:30
         I expect the response to contain the following data in {string} - src\tests\shared.tests.ts:6     
   ΓêÜ After # src\support\hooks\hooks.ts:11
   ΓêÜ After # src\support\hooks\debugHooks.ts:15

4) Scenario: Get customer account details # features\Customer\GetDetails.feature:4
   ΓêÜ Before # src\support\hooks\hooks.ts:6
   ├ù When I make a POST request to get customer details
       Multiple step definitions match:
         I make a POST request to get customer details - src\steps\customer.steps.ts:14           
         I make a POST request to get customer details - src\tests\Customer\getDetails.tests.ts:11
   ├ù Then I expect the response status to be OK with code 200
       Multiple step definitions match:
         I expect the response status to be OK with code {int} - src\steps\validation.steps.ts:16
         I expect the response status to be OK with code {int} - src\tests\shared.tests.ts:28    
   ├ù And I expect the response to have customer information
       Multiple step definitions match:
         I expect the response to have customer information - src\steps\customer.steps.ts:22           
         I expect the response to have customer information - src\tests\Customer\getDetails.tests.ts:25
   ΓêÜ After # src\support\hooks\hooks.ts:11
   ΓêÜ After # src\support\hooks\debugHooks.ts:15

5) Scenario: Get specific game details # features\Games\GetGame.feature:4
   ΓêÜ Before # src\support\hooks\hooks.ts:6
   ├ù When I make a GET request to fetch game details with default game code
       Multiple step definitions match:
         I make a GET request to fetch game details with default game code - src\steps\games.steps.ts:14        
         I make a GET request to fetch game details with default game code - src\tests\Games\getGame.tests.ts:11
   ├ù Then I expect the response status to be OK with code 200
       Multiple step definitions match:
         I expect the response status to be OK with code {int} - src\steps\validation.steps.ts:16
         I expect the response status to be OK with code {int} - src\tests\shared.tests.ts:28    
   ├ù And I expect the response to have game information
       Multiple step definitions match:
         I expect the response to have game information - src\steps\games.steps.ts:21        
         I expect the response to have game information - src\tests\Games\getGame.tests.ts:27
   ΓêÜ After # src\support\hooks\hooks.ts:11
   ΓêÜ After # src\support\hooks\debugHooks.ts:15

5 scenarios (5 ambiguous)
16 steps (16 ambiguous)
0m06.474s (executing steps: 0m00.058s)
