npx : Cannot use 'progress-bar' formatter for output to 'stdout' as not a TTY. 
Switching to 'progress' formatter.
At line:1 char:11
+ npx tsc ; npx cucumber-js --tags "@dev" > test-output.txt 2>&1 ; Writ ...
+           ~~~~~~~~~~~~~~~~~~~~~~~~~~~~~~~~~~~~~~~~~~~~~~~~~~~~
    + CategoryInfo          : NotSpecified: (Cannot use 'pro...ess' formatter. 
   :String) [], RemoteException
    + FullyQualifiedErrorId : NativeCommandError
 
......Γ£à Validate response countries
.....Γ£à Validate response currencies
......Γ£à Validate response languages
...Using playerId: 710308 for GetDetails request
...Γ£à Get customer account details
.........Γ£à Validate response freebet bonuses
......Γ£à Get specific game details

Γ¥î Test Failed. Debug info saved to: 
./reports/debug/register_new_account_with_dynamic_test_user.json

....F------..

Failures:

1) Scenario: Register new account with dynamic test user # features\LoginRegister\RegisterAccount.feature:4
   ΓêÜ Before # src\support\hooks\hooks.ts:6
   ΓêÜ When I register a new account with dynamic test user data # src\steps\login-register.steps.ts:16
   ├ù Then I expect the response status to be OK with code 200 # src\steps\validation.steps.ts:16
       Error: expect(received).toBe(expected) // Object.is equality

       Expected: 200
       Received: 206
           at Proxy.<anonymous> (C:\Users\Ljubisha.Milosov\VSCodeProjects\Playwright Projects\portal_api_cucumber_playwright_suite\node_modules\playwright\lib\matchers\expect.js:213:24)
           at CustomWorld.<anonymous> (C:\Users\Ljubisha.Milosov\VSCodeProjects\Playwright Projects\portal_api_cucumber_playwright_suite\src\steps\validation.steps.ts:20:23)
   - And The response should match the register account schema # src\steps\login-register.steps.ts:20
   - And the registered account should have a valid InternalID # src\steps\login-register.steps.ts:25
   - And the registered account should be logged in with a valid token # src\steps\login-register.steps.ts:34
   - And the registration response should contain activation information # src\steps\login-register.steps.ts:44
   - And I should be able to access the generated user credentials # src\steps\login-register.steps.ts:53
   - And the response RequestID should be present and valid # src\steps\login-register.steps.ts:64
   ΓêÜ After # src\support\hooks\hooks.ts:11
   ΓêÜ After # src\support\hooks\debugHooks.ts:15

7 scenarios (1 failed, 6 passed)
30 steps (1 failed, 6 skipped, 23 passed)
0m09.643s (executing steps: 0m01.496s)
